........................................................................ [  5%]
........................................................................ [ 11%]
........................................................................ [ 16%]
........................................................................ [ 22%]
........................................................................ [ 28%]
........................................................................ [ 33%]
........................................................................ [ 39%]
........................................................................ [ 44%]
........................................................................ [ 50%]
........................................................................ [ 56%]
........................................................................ [ 61%]
........................................................................ [ 67%]
........................................................................ [ 72%]
........................................................................ [ 78%]
........................................................................ [ 84%]
........................................................................ [ 89%]
........................................................................ [ 95%]
...........................................................              [100%]
============================== warnings summary ===============================
.venv\Lib\site-packages\fastapi\testclient.py:1
  D:\Download\ProfessionalLegalRAG\.venv\Lib\site-packages\fastapi\testclient.py:1: StarletteDeprecationWarning: Using `httpx` with `starlette.testclient` is deprecated; install `httpx2` instead.
    from starlette.testclient import TestClient as TestClient  # noqa

tests/services/test_admin_observability.py::test_persisted_request_contains_call_usage
tests/services/test_admin_observability.py::test_external_http_calls_do_not_pollute_llm_token_usage
tests/test_database.py::test_structured_failures_are_visible_in_admin_error_metrics[full_document_review_invalid_structured_response-expected0]
tests/test_database.py::test_structured_failures_are_visible_in_admin_error_metrics[research_report_provider_error-expected1]
tests/test_database.py::test_structured_failures_are_visible_in_admin_error_metrics[claim_verification_invalid_structured_response-expected2]
tests/test_database.py::test_structured_failures_are_visible_in_admin_error_metrics[research_report_insufficient_evidence-None]
tests/test_database.py::test_structured_failures_are_visible_in_admin_error_metrics[blocked_input-None]
tests/test_database.py::test_log_interaction_persists_all_operational_fields
tests/test_database.py::test_log_interaction_persists_technical_error
  D:\Download\ProfessionalLegalRAG\app\database.py:123: DeprecationWarning: datetime.datetime.utcnow() is deprecated and scheduled for removal in a future version. Use timezone-aware objects to represent datetimes in UTC: datetime.datetime.now(datetime.UTC).
    "timestamp": datetime.utcnow(),

tests/services/test_admin_observability.py::test_persisted_request_contains_call_usage
tests/services/test_admin_observability.py::test_external_http_calls_do_not_pollute_llm_token_usage
tests/test_database.py::test_structured_failures_are_visible_in_admin_error_metrics[full_document_review_invalid_structured_response-expected0]
tests/test_database.py::test_structured_failures_are_visible_in_admin_error_metrics[research_report_provider_error-expected1]
tests/test_database.py::test_structured_failures_are_visible_in_admin_error_metrics[claim_verification_invalid_structured_response-expected2]
tests/test_database.py::test_structured_failures_are_visible_in_admin_error_metrics[research_report_insufficient_evidence-None]
tests/test_database.py::test_structured_failures_are_visible_in_admin_error_metrics[blocked_input-None]
tests/test_database.py::test_log_interaction_persists_all_operational_fields
tests/test_database.py::test_log_interaction_persists_technical_error
  D:\Download\ProfessionalLegalRAG\app\database.py:124: DeprecationWarning: datetime.datetime.utcnow() is deprecated and scheduled for removal in a future version. Use timezone-aware objects to represent datetimes in UTC: datetime.datetime.now(datetime.UTC).
    "expires_at": datetime.utcnow() + timedelta(

tests/test_database.py::test_update_evaluation_sets_ragas_executed_and_proxy_metrics
  D:\Download\ProfessionalLegalRAG\app\database.py:215: DeprecationWarning: datetime.datetime.utcnow() is deprecated and scheduled for removal in a future version. Use timezone-aware objects to represent datetimes in UTC: datetime.datetime.now(datetime.UTC).
    "metrics.evaluated_at": datetime.utcnow(),

tests/test_database_sessions.py::test_session_queries_are_scoped_to_owner
tests/test_database_sessions.py::test_authenticated_session_queries_use_user_id
  D:\Download\ProfessionalLegalRAG\app\database.py:523: DeprecationWarning: datetime.datetime.utcnow() is deprecated and scheduled for removal in a future version. Use timezone-aware objects to represent datetimes in UTC: datetime.datetime.now(datetime.UTC).
    "timestamp": datetime.utcnow(),

tests/test_database_sessions.py::test_session_queries_are_scoped_to_owner
tests/test_database_sessions.py::test_authenticated_session_queries_use_user_id
  D:\Download\ProfessionalLegalRAG\app\database.py:524: DeprecationWarning: datetime.datetime.utcnow() is deprecated and scheduled for removal in a future version. Use timezone-aware objects to represent datetimes in UTC: datetime.datetime.now(datetime.UTC).
    "expires_at": datetime.utcnow() + timedelta(

tests/test_deployment_contract.py::test_demo_home_and_static_work_outside_checkout
  D:\Download\ProfessionalLegalRAG\app\main.py:66: DeprecationWarning: 
          on_event is deprecated, use lifespan event handlers instead.
  
          Read more about it in the
          [FastAPI docs for Lifespan Events](https://fastapi.tiangolo.com/advanced/events/).
          
    @app.on_event("startup")

tests/test_deployment_contract.py::test_demo_home_and_static_work_outside_checkout
tests/test_deployment_contract.py::test_demo_home_and_static_work_outside_checkout
  D:\Download\ProfessionalLegalRAG\.venv\Lib\site-packages\fastapi\applications.py:4675: DeprecationWarning: 
          on_event is deprecated, use lifespan event handlers instead.
  
          Read more about it in the
          [FastAPI docs for Lifespan Events](https://fastapi.tiangolo.com/advanced/events/).
          
    return self.router.on_event(event_type)  # ty: ignore[deprecated]

tests/test_deployment_contract.py::test_demo_home_and_static_work_outside_checkout
  D:\Download\ProfessionalLegalRAG\app\main.py:77: DeprecationWarning: 
          on_event is deprecated, use lifespan event handlers instead.
  
          Read more about it in the
          [FastAPI docs for Lifespan Events](https://fastapi.tiangolo.com/advanced/events/).
          
    @app.on_event("shutdown")

tests/test_rbac.py::test_normal_account_cannot_access_admin
tests/test_rbac.py::test_admin_account_can_access_admin
  D:\Download\ProfessionalLegalRAG\.venv\Lib\site-packages\starlette\testclient.py:454: DeprecationWarning: Setting per-request cookies=<...> is being deprecated, because the expected behaviour on cookie persistence is ambiguous. Set cookies directly on the client instance instead.
    return super().request(

-- Docs: https://docs.pytest.org/en/stable/how-to/capture-warnings.html
1283 passed, 30 warnings in 301.97s (0:05:01)
