F                                                                        [100%]
================================== FAILURES ===================================
____ test_registry_outage_preserves_reader_without_claiming_empty_history _____

monkeypatch = <_pytest.monkeypatch.MonkeyPatch object at 0x00000162A1AF52E0>
caplog = <_pytest.logging.LogCaptureFixture object at 0x00000162A1AF4EC0>

    def test_registry_outage_preserves_reader_without_claiming_empty_history(monkeypatch, caplog):
        from unittest.mock import AsyncMock
        import app.api.legal_routes as routes
        from app.legal_registry_database import RegistryUnavailable
        client = _client(monkeypatch)
        monkeypatch.setattr(routes, 'registry_records_batch', AsyncMock(side_effect=RegistryUnavailable()), raising=False)
        response = client.get('/documents/7')
        assert response.status_code == 200
        assert '\u0110i\u1ec1u 25. Th\u1eddi gian th\u1eed vi\u1ec7c' in response.text
        assert 'Kh\xf4ng \u0111\u1ecdc \u0111\u01b0\u1ee3c registry' in response.text
        assert 'Ch\u01b0a c\xf3 s\u1ef1 ki\u1ec7n \u0111\xe3 duy\u1ec7t' not in response.text
>       assert 'RegistryUnavailable' in caplog.text
E       AssertionError: assert 'RegistryUnavailable' in 'WARNING  app.api.legal_routes:legal_routes.py:63 legal_registry_lookup_failed\n'
E        +  where 'WARNING  app.api.legal_routes:legal_routes.py:63 legal_registry_lookup_failed\n' = <_pytest.logging.LogCaptureFixture object at 0x00000162A1AF4EC0>.text

tests\test_legal_routes.py:227: AssertionError
------------------------------ Captured log call ------------------------------
WARNING  app.api.legal_routes:legal_routes.py:63 legal_registry_lookup_failed
============================== warnings summary ===============================
.venv\Lib\site-packages\fastapi\testclient.py:1
  D:\Download\ProfessionalLegalRAG\.venv\Lib\site-packages\fastapi\testclient.py:1: StarletteDeprecationWarning: Using `httpx` with `starlette.testclient` is deprecated; install `httpx2` instead.
    from starlette.testclient import TestClient as TestClient  # noqa

.venv\Lib\site-packages\starlette\testclient.py:53
  D:\Download\ProfessionalLegalRAG\.venv\Lib\site-packages\starlette\testclient.py:53: DeprecationWarning: The anyio.abc.BlockingPortal alias is deprecated, use anyio.from_thread.BlockingPortal instead.
    _PortalFactoryType = Callable[[], AbstractContextManager[anyio.abc.BlockingPortal]]

-- Docs: https://docs.pytest.org/en/stable/how-to/capture-warnings.html
=========================== short test summary info ===========================
FAILED tests/test_legal_routes.py::test_registry_outage_preserves_reader_without_claiming_empty_history
1 failed, 2 warnings in 9.99s
